DUNE:StartShot2=starts2
LANGUAGE_DIR:CDTVREMOTEANIM=LANGUAGE_DIR:cdtvrem.anm
LANGUAGE_DIR:CDTVREMOTE2ANIM=LANGUAGE_DIR:cdtv2rem.anm
LANGUAGE_DIR:CDTVREMOTE3ANIM=LANGUAGE_DIR:cdtv3rem.anm
LANGUAGE_DIR:clintlookupanim=LANGUAGE_DIR:clinloo.anm
LANGUAGE_DIR:clintlookup2anim=LANGUAGE_DIR:clinloo2.anm
LANGUAGE_DIR:clintlookup3anim=LANGUAGE_DIR:clinloo3.anm
LANGUAGE_DIR:clinttalkanim=LANGUAGE_DIR:clitalk.anm
LANGUAGE_DIR:clinttalk2anim=LANGUAGE_DIR:clitalk2.anm
LANGUAGE_DIR:oldtimeranim=LANGUAGE_DIR:oldtim.anm
LANGUAGE_DIR:oldtimer2anim=LANGUAGE_DIR:oldtim2.anm
LANGUAGE_DIR:oldtimer3anim=LANGUAGE_DIR:oldtim3.anm
LANGUAGE_DIR:oldtimer4anim=LANGUAGE_DIR:oldtim4.anm
LANGUAGE_DIR:oldtimer5anim=LANGUAGE_DIR:oldtim5.anm
LANGUAGE_DIR:oldtimer6anim=LANGUAGE_DIR:oldtim6.anm
LANGUAGE_DIR:oldtimer7anim=LANGUAGE_DIR:oldtim7.anm
LANGUAGE_DIR:oldtimer8anim=LANGUAGE_DIR:oldtim8.anm
LANGUAGE_DIR:oldtimer9anim=LANGUAGE_DIR:oldtim9.anm
LANGUAGE_DIR:optionsign2=LANGUAGE_DIR:optsgn2
LANGUAGE_DIR:OVtutor01=LANGUAGE_DIR:ovtut01
LANGUAGE_DIR:OVtutor02=LANGUAGE_DIR:ovtut02
DUNE:creds/titleshot01=creds/titsht1
DUNE:creds/titleshot02=creds/titsht2
DUNE:creds/titleshot03=creds/titsht3
DUNE:creds/titleshot04=creds/titsht4
DUNE:creds/titleshot05=creds/titsht5
DUNE:creds/titleshot06=creds/titsht6
DUNE:creds/titleshot07=creds/titsht7
DUNE:creds/titleshot07b=creds/titsht7b
DUNE:creds/titleshot08=creds/titsht8
DUNE:creds/titleshot09=creds/titsht9
DUNE:creds/titleshot10=creds/titsht10
DUNE:creds/character2=creds/char2.ani
DUNE:creds/anim+direct=creds/anipldir.anm
DUNE:mainmenushot=mainmenu.sht
DUNE:stuff/pk2adpage1=stuff/pkadp1
DUNE:stuff/pk2adpage2=stuff/pkadp2
DUNE:stuff/pk2adpage3=stuff/pkadp3
DUNE:stuff/pk2adpage4=stuff/pkadp4
DUNE:stuff/pk2adpage5=stuff/pkadp5
DUNE:stuff/pk2adpage6=stuff/pkadp6
DUNE:stuff/pkadshot1=stuff/pkads1
DUNE:stuff/pkadshot2=stuff/pkads2
DUNE:stuff/pkadshot3=stuff/pkads3
DUNE:stuff/pkadshot4=stuff/pkads4
DUNE:stuff/pkadshot5=stuff/pkads5
DUNE:stuff/pkadshot6=stuff/pkads6
DUNE:stuff/pkadshot6b=stuff/pkads6b
DUNE:stuff/pkadshot6c=stuff/pkads6c
DUNE:stuff/3guntheoanim=stuff/3gunt.anm
DUNE:stuff/3guntheoshot=stuff/3gunt.sht
DUNE:stuff/chazsingsanim=stuff/chazsing.anm
DUNE:stuff/chazsingsshot=stuff/chazsing.sht
DUNE:stuff/ferg+bernard=stuff/fergpber
DUNE:OUT/GraveZoomShot=grzoom.sht
